BETATESTER completó el nivel 1 en 5466,625 segundos.
BETATESTER completó el nivel 2 en 3682,406 segundos.
BETATESTER completó el nivel 3 en 44,985 segundos.
ELIO completó el nivel 1 en 4299,328 segundos.
ELIO completó el nivel 2 en 0,016 segundos.
ELIO completó el nivel 3 en 0 segundos.
ELIO completó el nivel 4 en 0,015 segundos.
ELIO completó el nivel 5 en 0 segundos.
ELIO completó el nivel 6 en 0,016 segundos.
ELIO completó el nivel 7 en 0 segundos.
ELIO completó el nivel 8 en 0,015 segundos.
ELIO completó el nivel 9 en 0 segundos.
ELIO completó el nivel 10 en 0,016 segundos.
ELIO completó el nivel 11 en 0 segundos.
ELIO completó el nivel 12 en 0,016 segundos.
ELIO completó el nivel 13 en 0 segundos.
ELIO completó el nivel 14 en 0,015 segundos.
ELIO completó el nivel 15 en 14,985 segundos.
ELIO completó el nivel 16 en 0,015 segundos.
ELIO completó el nivel 17 en 0 segundos.
ELIO completó el nivel 18 en 0,016 segundos.
ELIO completó el nivel 19 en 0 segundos.
ELIO completó el nivel 20 en 0,016 segundos.
ELIO completó el nivel 21 en 0 segundos.
ELIO completó el nivel 22 en 0,015 segundos.
ELIO completó el nivel 23 en 10,047 segundos.
ELIO completó el nivel 24 en 0 segundos.
MASTER completó el nivel 1 en 175,563 segundos.
MASTER completó el nivel 2 en 0,016 segundos.
MASTER completó el nivel 3 en 0 segundos.
MASTER completó el nivel 4 en 0 segundos.
MASTER completó el nivel 5 en 0 segundos.
MASTER completó el nivel 6 en 0,016 segundos.
MASTER completó el nivel 7 en 0 segundos.
MASTER completó el nivel 8 en 0,015 segundos.
MASTER completó el nivel 9 en 0 segundos.
MASTER completó el nivel 10 en 0,016 segundos.
MASTER completó el nivel 11 en 0 segundos.
MASTER completó el nivel 12 en 0,016 segundos.
MASTER completó el nivel 13 en 0 segundos.
MASTER completó el nivel 14 en 0,015 segundos.
MASTER completó el nivel 15 en 0 segundos.
MASTER completó el nivel 16 en 0,016 segundos.
MASTER completó el nivel 17 en 0 segundos.
MASTER completó el nivel 18 en 0,016 segundos.
MASTER completó el nivel 19 en 0 segundos.
MASTER completó el nivel 20 en 0 segundos.
MASTER completó el nivel 21 en 0,015 segundos.
MASTER completó el nivel 22 en 0 segundos.
MASTER completó el nivel 23 en 0,016 segundos.
MASTER completó el nivel 24 en 0 segundos.
